// Jest Snapshot v1, https://goo.gl/fbAQLP

exports[`R.add(2, 3) 1`] = `"number"`;

exports[`R.add(7)(10) 1`] = `"number"`;
