// Jest Snapshot v1, https://goo.gl/fbAQLP

exports[`R_allPass([string_predicate, string_number_preficate]) 1`] = `"(x: string, y: number) => boolean"`;

exports[`R_allPass([string_predicate, string_predicate]) 1`] = `"(value: string) => boolean"`;
