// Jest Snapshot v1, https://goo.gl/fbAQLP

exports[`R_always(string) 1`] = `"() => string"`;

exports[`R_always(string)() 1`] = `"string"`;
