// Jest Snapshot v1, https://goo.gl/fbAQLP

exports[`takesThreeArgs(1, 2, 3) 1`] = `"number[]"`;

exports[`takesThreeArgs.length 1`] = `"number"`;

exports[`takesTwoArgs.length 1`] = `"number"`;
