// Jest Snapshot v1, https://goo.gl/fbAQLP

exports[`R.clamp(1)(10, 4) 1`] = `"number"`;

exports[`R.clamp(1, 10)(11) 1`] = `"number"`;
