// Jest Snapshot v1, https://goo.gl/fbAQLP

exports[`R_contains(string) 1`] = `"<T$1 extends string = string>(list: T$1[] | ArrayLike<T$1>) => boolean"`;

exports[`R_contains(string, string) 1`] = `"boolean"`;

exports[`R_contains(string, string_array) 1`] = `"boolean"`;
