// Jest Snapshot v1, https://goo.gl/fbAQLP

exports[`R.dec(42) 1`] = `"number"`;
