// Jest Snapshot v1, https://goo.gl/fbAQLP

exports[`R_endsWith(boolean_array) 1`] = `"<T$1 extends boolean[] = boolean[]>(list: T$1) => boolean"`;

exports[`R_endsWith(boolean_array, boolean_array) 1`] = `"boolean"`;

exports[`R_endsWith(string) 1`] = `"<T$1 extends string = string>(list: T$1) => boolean"`;

exports[`R_endsWith(string, string) 1`] = `"boolean"`;
