// Jest Snapshot v1, https://goo.gl/fbAQLP

exports[`R_findLast(string_predicate) 1`] = `"(list: string[] | ArrayLike<string>) => string"`;

exports[`R_findLast(string_predicate)(string_array) 1`] = `"string"`;

exports[`R_findLast(string_predicate, string_array) 1`] = `"string"`;
