// Jest Snapshot v1, https://goo.gl/fbAQLP

exports[`R_flatten(nested_object_list) 1`] = `"object[]"`;

exports[`R_flatten(string_array) 1`] = `"string[]"`;
