// Jest Snapshot v1, https://goo.gl/fbAQLP

exports[`R.gte('a', 'z') 1`] = `"boolean"`;

exports[`R.gte('z', 'a') 1`] = `"boolean"`;

exports[`R.gte(2, 1) 1`] = `"boolean"`;

exports[`R.gte(2, 2) 1`] = `"boolean"`;

exports[`R.gte(2, 3) 1`] = `"boolean"`;
