// Jest Snapshot v1, https://goo.gl/fbAQLP

exports[`R_identical(string) 1`] = `"(b: string) => boolean"`;

exports[`R_identical(string)(string) 1`] = `"boolean"`;

exports[`R_identical(string, string) 1`] = `"boolean"`;
