// Jest Snapshot v1, https://goo.gl/fbAQLP

exports[`R_indexBy(object_to_string) 1`] = `"(list: List<object>) => Dictionary<object>"`;

exports[`R_indexBy(object_to_string)(object_array) 1`] = `"Dictionary<object>"`;

exports[`R_indexBy(object_to_string, object_array) 1`] = `"Dictionary<object>"`;
