// Jest Snapshot v1, https://goo.gl/fbAQLP

exports[`R_intersperse(string) 1`] = `"<U>(list: U[] | ArrayLike<U>) => (string | U)[]"`;

exports[`R_intersperse(string)(object_array) 1`] = `"(string | object)[]"`;

exports[`R_intersperse(string, object_array) 1`] = `"(string | object)[]"`;
