// Jest Snapshot v1, https://goo.gl/fbAQLP

exports[`R.path(['a', 'b', 'c'], {a: {b: {c: 2}}}) 1`] = `"number"`;
