// Jest Snapshot v1, https://goo.gl/fbAQLP

exports[`R_lte(number, number) 1`] = `"boolean"`;

exports[`R_lte(string) 1`] = `"<T$1 extends string = string>(b: T$1) => boolean"`;

exports[`R_lte(string, string) 1`] = `"boolean"`;
