// Jest Snapshot v1, https://goo.gl/fbAQLP

exports[`f(3, 4) 1`] = `"number"`;
