// Jest Snapshot v1, https://goo.gl/fbAQLP

exports[`R.slice(2)(5, str) 1`] = `"string"`;

exports[`R.slice(2)(5, xs) 1`] = `"number[]"`;

exports[`R.slice(2, 5)(str) 1`] = `"string"`;

exports[`R.slice(2, 5)(xs) 1`] = `"number[]"`;

exports[`R.slice(2, 5, str) 1`] = `"string"`;

exports[`R.slice(2, 5, xs) 1`] = `"number[]"`;
