// Jest Snapshot v1, https://goo.gl/fbAQLP

exports[`R_symmetricDifferenceWith(number_number_to_boolean, number_array) 1`] = `"(b: number[] | ArrayLike<number>) => number[]"`;

exports[`R_symmetricDifferenceWith(number_number_to_boolean, number_array, number_array) 1`] = `"number[]"`;
