// Jest Snapshot v1, https://goo.gl/fbAQLP

exports[`R_symmetricDifference(number_array) 1`] = `"(b: number[] | ArrayLike<number>) => number[]"`;

exports[`R_symmetricDifference(number_array, number_array) 1`] = `"number[]"`;
