// Jest Snapshot v1, https://goo.gl/fbAQLP

exports[`R_takeWhile(string_to_boolean) 1`] = `"<T$1 extends string = string>(list: T$1[] | ArrayLike<T$1>) => T$1[]"`;

exports[`R_takeWhile(string_to_boolean, string_array) 1`] = `"string[]"`;
