// Jest Snapshot v1, https://goo.gl/fbAQLP

exports[`R.times(R.identity)(5) 1`] = `"number[]"`;

exports[`R.times(R.identity, 5) 1`] = `"number[]"`;

exports[`R.times(i, 5) 1`] = `"number[]"`;
