// Jest Snapshot v1, https://goo.gl/fbAQLP

exports[`uncurriedAddFour(1, 2, 3, 4) 1`] = `"number"`;
